
> lobster-quant-web@0.1.0 build
> next build

鈻?Next.js 16.2.6 (Turbopack)

  Creating an optimized production build ...
鉁?Compiled successfully in 2.5s
  Running TypeScript ...
  Finished TypeScript in 4.3s ...
  Collecting page data using 13 workers ...
  Generating static pages using 13 workers (0/11) ...
  Generating static pages using 13 workers (2/11) 
  Generating static pages using 13 workers (5/11) 
  Generating static pages using 13 workers (8/11) 
鉁?Generating static pages using 13 workers (11/11) in 781ms
  Finalizing page optimization ...

Route (app)
鈹?鈼?/
鈹?鈼?/_not-found
鈹?鈼?/analysis
鈹?茠 /analysis/[symbol]
鈹?鈼?/backtest
鈹?鈼?/dashboard
鈹?鈼?/scanner
鈹?鈼?/settings
鈹?鈼?/simulation
鈹?鈼?/strategy


鈼? (Static)   prerendered as static content
茠  (Dynamic)  server-rendered on demand

